// Jest Snapshot v1, https://goo.gl/fbAQLP

exports[`renders correctly 1`] = `
Array [
  <nav
    className="navbar"
  >
    <div
      className="logo"
    >
      <img
        alt="logo"
        src="../logo.png"
      />
      <h1>
        Space Travelers Hub
      </h1>
    </div>
    <ul>
      <li>
        <a
          href="/"
          onClick={[Function]}
        >
          Rockets
        </a>
      </li>
      <li>
        <a
          href="/MISSIONS"
          onClick={[Function]}
        >
          Missions
        </a>
      </li>
      <li>
        <a
          href="/DRAGONS"
          onClick={[Function]}
        >
          Dragons
        </a>
      </li>
      <li>
        <span>
          |
        </span>
      </li>
      <li>
        <a
          href="/PROFILE"
          onClick={[Function]}
        >
          My Profile
        </a>
      </li>
    </ul>
  </nav>,
  <div
    className="line"
  />,
]
`;
